// Vitest Snapshot v1, https://vitest.dev/guide/snapshot.html

exports[`Should match snapshot 1`] = `
<DocumentFragment>
  <div
    class="m-8 space-y-3"
  >
    <h2>
      Create New Task
    </h2>
    <form
      action="#"
      class="flex flex-col space-y-5"
    >
      <div>
        <select
          aria-label="projectId"
          class="form-field1 focus:outline-none focus:shadow-outline"
          name="projectId"
        >
          <option
            value=""
          >
            Select Project
          </option>
          <option
            value="1"
          >
            testProject 1
          </option>
          <option
            value="2"
          >
            testProject 2
          </option>
          <option
            value="3"
          >
            testProject 3
          </option>
        </select>
      </div>
      <div>
        <input
          class="form-field1 focus:outline-none focus:shadow-outline"
          name="name"
          placeholder="Task Name"
          type="text"
          value=""
        />
      </div>
      <button
        class="btn bg-green-400"
        type="submit"
      >
        Submit
      </button>
    </form>
  </div>
</DocumentFragment>
`;
